// Jest Snapshot v1, https://goo.gl/fbAQLP

exports[`Card renders Card correctly 1`] = `
.c0 {
  width: -webkit-fit-content;
  width: -moz-fit-content;
  width: fit-content;
  padding: 24px;
  margin: 20px;
  border-radius: 8px;
  background-color: white;
  cursor: pointer;
  box-shadow: 0 4px 8px 0 rgba(0,0,0,0.2);
  -webkit-transition: 0.3s;
  transition: 0.3s;
}

.c0:hover {
  box-shadow: 0 8px 16px 0 rgba(0,0,0,0.2);
}

@media only screen and (max-width:600px) {
  .c0 {
    width: 100px;
  }
}

<div
  class="c0"
/>
`;
