// Jest Snapshot v1, https://goo.gl/fbAQLP

exports[`FriendListPage renders FriendListPage correctly 1`] = `
.c0 {
  display: -webkit-box;
  display: -webkit-flex;
  display: -ms-flexbox;
  display: flex;
  -webkit-flex-wrap: wrap;
  -ms-flex-wrap: wrap;
  flex-wrap: wrap;
  padding: 50px;
}

<div
  class="c0"
/>
`;
